// Jest Snapshot v1, https://goo.gl/fbAQLP

exports[`should return error if user it was not found 1`] = `
Object {
  "message": "User not found",
}
`;

exports[`should return user by id 1`] = `
Object {
  "user": Object {
    "_id": "60af1420eff8ea127b5a5547",
    "email": "user0@test.com",
    "name": "User 0",
  },
}
`;
